env: load .env.local
env: export EXPO_PUBLIC_HF_API_KEY
Starting project at /home/sanyo/Projects/emerging tech mini app/micro-lessons-app
Starting Metro Bundler

warning: Bundler cache is empty, rebuilding (this may take a minute)
The following packages should be updated for best compatibility with the installed expo version:
  expo@55.0.4 - expected version: ~55.0.15
  expo-crypto@55.0.10 - expected version: ~55.0.14
  expo-haptics@55.0.9 - expected version: ~55.0.14
  expo-linking@55.0.7 - expected version: ~55.0.13
  expo-router@55.0.3 - expected version: ~55.0.12
  expo-speech@55.0.8 - expected version: ~55.0.13
  expo-sqlite@55.0.10 - expected version: ~55.0.15
  expo-status-bar@55.0.4 - expected version: ~55.0.5
  react-native@0.83.2 - expected version: 0.83.4
  react-native-reanimated@4.2.2 - expected version: 4.2.1
  react-native-safe-area-context@5.7.0 - expected version: ~5.6.2
  react-native-screens@4.24.0 - expected version: ~4.23.0
  react-native-worklets@0.7.4 - expected version: 0.7.2
Your project may not work correctly until you install the expected versions of the packages.
Waiting on http://localhost:8081
Logs for your project will appear below.
